// Jest Snapshot v1, https://goo.gl/fbAQLP

exports[`exit button component should match snapshot 1`] = `
<styled.div>
  <span>
    <styled.div />
  </span>
</styled.div>
`;
